// Jest Snapshot v1, https://goo.gl/fbAQLP

exports[`Content renders correctly 1`] = `
ShallowWrapper {
  "length": 1,
  Symbol(enzyme.__root__): [Circular],
  Symbol(enzyme.__unrendered__): <Content />,
  Symbol(enzyme.__renderer__): Object {
    "batchedUpdates": [Function],
    "getNode": [Function],
    "render": [Function],
    "simulateEvent": [Function],
    "unmount": [Function],
  },
  Symbol(enzyme.__node__): Object {
    "instance": null,
    "key": undefined,
    "nodeType": "host",
    "props": Object {
      "children": <Map
        currency=""
        disableOptimization={false}
        fetchGeographyIdFromMap={[Function]}
        geographicalWeightData={Array []}
        geographyBorders={Array []}
        geographyId=""
        geographyNames={Array []}
        isGeographyClicked={false}
        isLoaded={false}
        length={-1}
        month={0}
        onAfterChange={[Function]}
        onAssetChange={[Function]}
        onChange={[Function]}
        onMonthButtonClick={[Function]}
        selectedAsset={0}
        selectedMonth={0}
        topInstruments={Array []}
/>,
      "style": Object {
        "margin": "10px",
      },
    },
    "ref": null,
    "rendered": Object {
      "instance": null,
      "key": undefined,
      "nodeType": "class",
      "props": Object {
        "currency": "",
        "disableOptimization": false,
        "fetchGeographyIdFromMap": [Function],
        "geographicalWeightData": Array [],
        "geographyBorders": Array [],
        "geographyId": "",
        "geographyNames": Array [],
        "isGeographyClicked": false,
        "isLoaded": false,
        "length": -1,
        "month": 0,
        "onAfterChange": [Function],
        "onAssetChange": [Function],
        "onChange": [Function],
        "onMonthButtonClick": [Function],
        "selectedAsset": 0,
        "selectedMonth": 0,
        "topInstruments": Array [],
      },
      "ref": null,
      "rendered": null,
      "type": [Function],
    },
    "type": "div",
  },
  Symbol(enzyme.__nodes__): Array [
    Object {
      "instance": null,
      "key": undefined,
      "nodeType": "host",
      "props": Object {
        "children": <Map
          currency=""
          disableOptimization={false}
          fetchGeographyIdFromMap={[Function]}
          geographicalWeightData={Array []}
          geographyBorders={Array []}
          geographyId=""
          geographyNames={Array []}
          isGeographyClicked={false}
          isLoaded={false}
          length={-1}
          month={0}
          onAfterChange={[Function]}
          onAssetChange={[Function]}
          onChange={[Function]}
          onMonthButtonClick={[Function]}
          selectedAsset={0}
          selectedMonth={0}
          topInstruments={Array []}
/>,
        "style": Object {
          "margin": "10px",
        },
      },
      "ref": null,
      "rendered": Object {
        "instance": null,
        "key": undefined,
        "nodeType": "class",
        "props": Object {
          "currency": "",
          "disableOptimization": false,
          "fetchGeographyIdFromMap": [Function],
          "geographicalWeightData": Array [],
          "geographyBorders": Array [],
          "geographyId": "",
          "geographyNames": Array [],
          "isGeographyClicked": false,
          "isLoaded": false,
          "length": -1,
          "month": 0,
          "onAfterChange": [Function],
          "onAssetChange": [Function],
          "onChange": [Function],
          "onMonthButtonClick": [Function],
          "selectedAsset": 0,
          "selectedMonth": 0,
          "topInstruments": Array [],
        },
        "ref": null,
        "rendered": null,
        "type": [Function],
      },
      "type": "div",
    },
  ],
  Symbol(enzyme.__options__): Object {
    "adapter": ReactSixteenAdapter {
      "options": Object {
        "enableComponentDidUpdateOnSetState": true,
      },
    },
  },
}
`;
